// Jest Snapshot v1, https://goo.gl/fbAQLP

exports[`tokenizer matches snapshot 1`] = `
Array [
  Object {
    "start": 22,
    "token": "let_kw",
    "width": 3,
  },
  Object {
    "content": "foo",
    "start": 26,
    "token": "identifier_sym",
    "width": 3,
  },
  Object {
    "start": 29,
    "token": "colon_pnc",
    "width": 1,
  },
  Object {
    "start": 31,
    "token": "string_type",
    "width": 6,
  },
  Object {
    "start": 38,
    "token": "assign_op",
    "width": 1,
  },
  Object {
    "content": "\\"hello\\"",
    "start": 40,
    "token": "string_lit",
    "width": 7,
  },
  Object {
    "start": 47,
    "token": "semi_pnc",
    "width": 1,
  },
  Object {
    "start": 49,
    "token": "let_kw",
    "width": 3,
  },
  Object {
    "content": "pi",
    "start": 53,
    "token": "identifier_sym",
    "width": 2,
  },
  Object {
    "start": 55,
    "token": "colon_pnc",
    "width": 1,
  },
  Object {
    "start": 57,
    "token": "float32_type",
    "width": 3,
  },
  Object {
    "start": 61,
    "token": "assign_op",
    "width": 1,
  },
  Object {
    "content": "3.14",
    "start": 63,
    "token": "float_lit",
    "width": 4,
  },
  Object {
    "start": 67,
    "token": "semi_pnc",
    "width": 1,
  },
  Object {
    "start": 69,
    "token": "let_kw",
    "width": 3,
  },
  Object {
    "content": "xyz",
    "start": 73,
    "token": "identifier_sym",
    "width": 3,
  },
  Object {
    "start": 76,
    "token": "colon_pnc",
    "width": 1,
  },
  Object {
    "start": 78,
    "token": "bool_type",
    "width": 4,
  },
  Object {
    "start": 83,
    "token": "assign_op",
    "width": 1,
  },
  Object {
    "start": 85,
    "token": "true_kw",
    "width": 4,
  },
  Object {
    "start": 89,
    "token": "semi_pnc",
    "width": 1,
  },
  Object {
    "start": 91,
    "token": "let_kw",
    "width": 3,
  },
  Object {
    "content": "zyx",
    "start": 95,
    "token": "identifier_sym",
    "width": 3,
  },
  Object {
    "start": 98,
    "token": "colon_pnc",
    "width": 1,
  },
  Object {
    "start": 100,
    "token": "bool_type",
    "width": 4,
  },
  Object {
    "start": 105,
    "token": "assign_op",
    "width": 1,
  },
  Object {
    "start": 107,
    "token": "false_kw",
    "width": 5,
  },
  Object {
    "start": 112,
    "token": "semi_pnc",
    "width": 1,
  },
  Object {
    "start": 114,
    "token": "let_kw",
    "width": 3,
  },
  Object {
    "content": "sqr",
    "start": 118,
    "token": "identifier_sym",
    "width": 3,
  },
  Object {
    "start": 122,
    "token": "assign_op",
    "width": 1,
  },
  Object {
    "content": "2",
    "start": 124,
    "token": "numeric_lit",
    "width": 1,
  },
  Object {
    "start": 126,
    "token": "exponentiation_op",
    "width": 2,
  },
  Object {
    "content": "2",
    "start": 129,
    "token": "numeric_lit",
    "width": 1,
  },
  Object {
    "start": 130,
    "token": "semi_pnc",
    "width": 1,
  },
  Object {
    "start": 132,
    "token": "let_kw",
    "width": 3,
  },
  Object {
    "content": "sqrIsFour",
    "start": 136,
    "token": "identifier_sym",
    "width": 9,
  },
  Object {
    "start": 146,
    "token": "assign_op",
    "width": 1,
  },
  Object {
    "content": "sqr",
    "start": 148,
    "token": "identifier_sym",
    "width": 3,
  },
  Object {
    "start": 152,
    "token": "strict_cmp_op",
    "width": 3,
  },
  Object {
    "content": "4",
    "start": 156,
    "token": "numeric_lit",
    "width": 1,
  },
  Object {
    "start": 157,
    "token": "semi_pnc",
    "width": 1,
  },
  Object {
    "start": 159,
    "token": "let_kw",
    "width": 3,
  },
  Object {
    "content": "sqrIsFourish",
    "start": 163,
    "token": "identifier_sym",
    "width": 12,
  },
  Object {
    "start": 176,
    "token": "assign_op",
    "width": 1,
  },
  Object {
    "content": "sqr",
    "start": 178,
    "token": "identifier_sym",
    "width": 3,
  },
  Object {
    "start": 182,
    "token": "equality_cmp_op",
    "width": 2,
  },
  Object {
    "content": "\\"4\\"",
    "start": 185,
    "token": "string_lit",
    "width": 3,
  },
  Object {
    "start": 188,
    "token": "semi_pnc",
    "width": 1,
  },
  Object {
    "start": 215,
    "token": "let_kw",
    "width": 3,
  },
  Object {
    "content": "bar",
    "start": 219,
    "token": "identifier_sym",
    "width": 3,
  },
  Object {
    "start": 223,
    "token": "assign_op",
    "width": 1,
  },
  Object {
    "content": "\\"world\\"",
    "start": 225,
    "token": "string_lit",
    "width": 7,
  },
  Object {
    "start": 232,
    "token": "semi_pnc",
    "width": 1,
  },
  Object {
    "content": "print",
    "start": 235,
    "token": "identifier_sym",
    "width": 5,
  },
  Object {
    "start": 240,
    "token": "o_paren_pnc",
    "width": 1,
  },
  Object {
    "content": "foo",
    "start": 241,
    "token": "identifier_sym",
    "width": 3,
  },
  Object {
    "start": 245,
    "token": "plus_op",
    "width": 1,
  },
  Object {
    "content": "\\"
awesome
\\"",
    "start": 247,
    "token": "string_lit",
    "width": 11,
  },
  Object {
    "start": 259,
    "token": "plus_op",
    "width": 1,
  },
  Object {
    "content": "bar",
    "start": 261,
    "token": "identifier_sym",
    "width": 3,
  },
  Object {
    "start": 264,
    "token": "c_paren_pnc",
    "width": 1,
  },
  Object {
    "start": 265,
    "token": "semi_pnc",
    "width": 1,
  },
  Object {
    "start": 268,
    "token": "let_kw",
    "width": 3,
  },
  Object {
    "content": "num",
    "start": 272,
    "token": "identifier_sym",
    "width": 3,
  },
  Object {
    "start": 276,
    "token": "assign_op",
    "width": 1,
  },
  Object {
    "content": "0",
    "start": 278,
    "token": "numeric_lit",
    "width": 1,
  },
  Object {
    "start": 279,
    "token": "semi_pnc",
    "width": 1,
  },
  Object {
    "start": 282,
    "token": "let_kw",
    "width": 3,
  },
  Object {
    "content": "add",
    "start": 286,
    "token": "identifier_sym",
    "width": 3,
  },
  Object {
    "start": 290,
    "token": "assign_op",
    "width": 1,
  },
  Object {
    "start": 292,
    "token": "func_kw",
    "width": 4,
  },
  Object {
    "start": 297,
    "token": "o_paren_pnc",
    "width": 1,
  },
  Object {
    "start": 298,
    "token": "int32_type",
    "width": 3,
  },
  Object {
    "content": "a",
    "start": 302,
    "token": "identifier_sym",
    "width": 1,
  },
  Object {
    "start": 303,
    "token": "comma_pnc",
    "width": 1,
  },
  Object {
    "start": 305,
    "token": "int32_type",
    "width": 3,
  },
  Object {
    "content": "b",
    "start": 309,
    "token": "identifier_sym",
    "width": 1,
  },
  Object {
    "start": 310,
    "token": "c_paren_pnc",
    "width": 1,
  },
  Object {
    "start": 311,
    "token": "colon_pnc",
    "width": 1,
  },
  Object {
    "start": 313,
    "token": "int32_type",
    "width": 3,
  },
  Object {
    "start": 317,
    "token": "o_brace_pnc",
    "width": 1,
  },
  Object {
    "start": 320,
    "token": "return_kw",
    "width": 6,
  },
  Object {
    "content": "a",
    "start": 327,
    "token": "identifier_sym",
    "width": 1,
  },
  Object {
    "start": 329,
    "token": "plus_op",
    "width": 1,
  },
  Object {
    "content": "b",
    "start": 331,
    "token": "identifier_sym",
    "width": 1,
  },
  Object {
    "start": 332,
    "token": "semi_pnc",
    "width": 1,
  },
  Object {
    "start": 334,
    "token": "c_brace_pnc",
    "width": 1,
  },
  Object {
    "start": 335,
    "token": "semi_pnc",
    "width": 1,
  },
  Object {
    "content": "print",
    "start": 338,
    "token": "identifier_sym",
    "width": 5,
  },
  Object {
    "start": 343,
    "token": "o_paren_pnc",
    "width": 1,
  },
  Object {
    "content": "add",
    "start": 344,
    "token": "identifier_sym",
    "width": 3,
  },
  Object {
    "start": 347,
    "token": "o_paren_pnc",
    "width": 1,
  },
  Object {
    "content": "num",
    "start": 348,
    "token": "identifier_sym",
    "width": 3,
  },
  Object {
    "start": 351,
    "token": "comma_pnc",
    "width": 1,
  },
  Object {
    "content": "5",
    "start": 353,
    "token": "numeric_lit",
    "width": 1,
  },
  Object {
    "start": 354,
    "token": "c_paren_pnc",
    "width": 1,
  },
  Object {
    "start": 355,
    "token": "c_paren_pnc",
    "width": 1,
  },
  Object {
    "start": 356,
    "token": "semi_pnc",
    "width": 1,
  },
  Object {
    "start": 359,
    "token": "func_kw",
    "width": 4,
  },
  Object {
    "content": "with1and2",
    "start": 364,
    "token": "identifier_sym",
    "width": 9,
  },
  Object {
    "start": 374,
    "token": "o_paren_pnc",
    "width": 1,
  },
  Object {
    "start": 375,
    "token": "o_paren_pnc",
    "width": 1,
  },
  Object {
    "start": 376,
    "token": "int32_type",
    "width": 3,
  },
  Object {
    "content": "a",
    "start": 380,
    "token": "identifier_sym",
    "width": 1,
  },
  Object {
    "start": 381,
    "token": "comma_pnc",
    "width": 1,
  },
  Object {
    "start": 383,
    "token": "int32_type",
    "width": 3,
  },
  Object {
    "content": "a",
    "start": 387,
    "token": "identifier_sym",
    "width": 1,
  },
  Object {
    "start": 388,
    "token": "c_paren_pnc",
    "width": 1,
  },
  Object {
    "start": 389,
    "token": "colon_pnc",
    "width": 1,
  },
  Object {
    "start": 391,
    "token": "int32_type",
    "width": 3,
  },
  Object {
    "content": "higherOrder",
    "start": 395,
    "token": "identifier_sym",
    "width": 11,
  },
  Object {
    "start": 406,
    "token": "c_paren_pnc",
    "width": 1,
  },
  Object {
    "start": 407,
    "token": "colon_pnc",
    "width": 1,
  },
  Object {
    "start": 409,
    "token": "int32_type",
    "width": 3,
  },
  Object {
    "start": 413,
    "token": "o_brace_pnc",
    "width": 1,
  },
  Object {
    "start": 416,
    "token": "return_kw",
    "width": 6,
  },
  Object {
    "content": "higherOrder",
    "start": 423,
    "token": "identifier_sym",
    "width": 11,
  },
  Object {
    "start": 434,
    "token": "o_paren_pnc",
    "width": 1,
  },
  Object {
    "content": "1",
    "start": 435,
    "token": "numeric_lit",
    "width": 1,
  },
  Object {
    "start": 436,
    "token": "comma_pnc",
    "width": 1,
  },
  Object {
    "content": "2",
    "start": 438,
    "token": "numeric_lit",
    "width": 1,
  },
  Object {
    "start": 439,
    "token": "c_paren_pnc",
    "width": 1,
  },
  Object {
    "start": 440,
    "token": "semi_pnc",
    "width": 1,
  },
  Object {
    "start": 442,
    "token": "c_brace_pnc",
    "width": 1,
  },
  Object {
    "content": "print",
    "start": 445,
    "token": "identifier_sym",
    "width": 5,
  },
  Object {
    "start": 450,
    "token": "o_paren_pnc",
    "width": 1,
  },
  Object {
    "content": "with1and2",
    "start": 451,
    "token": "identifier_sym",
    "width": 9,
  },
  Object {
    "start": 460,
    "token": "o_paren_pnc",
    "width": 1,
  },
  Object {
    "start": 461,
    "token": "func_kw",
    "width": 4,
  },
  Object {
    "start": 466,
    "token": "o_paren_pnc",
    "width": 1,
  },
  Object {
    "start": 467,
    "token": "int32_type",
    "width": 3,
  },
  Object {
    "content": "a",
    "start": 471,
    "token": "identifier_sym",
    "width": 1,
  },
  Object {
    "start": 472,
    "token": "comma_pnc",
    "width": 1,
  },
  Object {
    "start": 474,
    "token": "int32_type",
    "width": 3,
  },
  Object {
    "content": "b",
    "start": 478,
    "token": "identifier_sym",
    "width": 1,
  },
  Object {
    "start": 479,
    "token": "c_paren_pnc",
    "width": 1,
  },
  Object {
    "start": 480,
    "token": "colon_pnc",
    "width": 1,
  },
  Object {
    "start": 482,
    "token": "int32_type",
    "width": 3,
  },
  Object {
    "start": 486,
    "token": "o_brace_pnc",
    "width": 1,
  },
  Object {
    "start": 489,
    "token": "return_kw",
    "width": 6,
  },
  Object {
    "content": "a",
    "start": 496,
    "token": "identifier_sym",
    "width": 1,
  },
  Object {
    "start": 498,
    "token": "multiply_op",
    "width": 1,
  },
  Object {
    "content": "b",
    "start": 500,
    "token": "identifier_sym",
    "width": 1,
  },
  Object {
    "start": 501,
    "token": "semi_pnc",
    "width": 1,
  },
  Object {
    "start": 503,
    "token": "c_brace_pnc",
    "width": 1,
  },
  Object {
    "start": 504,
    "token": "c_paren_pnc",
    "width": 1,
  },
  Object {
    "start": 505,
    "token": "c_paren_pnc",
    "width": 1,
  },
  Object {
    "start": 506,
    "token": "semi_pnc",
    "width": 1,
  },
  Object {
    "start": 509,
    "token": "func_kw",
    "width": 4,
  },
  Object {
    "content": "inc",
    "start": 514,
    "token": "identifier_sym",
    "width": 3,
  },
  Object {
    "start": 518,
    "token": "o_paren_pnc",
    "width": 1,
  },
  Object {
    "start": 519,
    "token": "mut_kw",
    "width": 3,
  },
  Object {
    "start": 523,
    "token": "int32_type",
    "width": 3,
  },
  Object {
    "content": "a",
    "start": 527,
    "token": "identifier_sym",
    "width": 1,
  },
  Object {
    "start": 528,
    "token": "c_paren_pnc",
    "width": 1,
  },
  Object {
    "start": 529,
    "token": "colon_pnc",
    "width": 1,
  },
  Object {
    "start": 531,
    "token": "void_type",
    "width": 4,
  },
  Object {
    "start": 536,
    "token": "o_brace_pnc",
    "width": 1,
  },
  Object {
    "content": "a",
    "start": 539,
    "token": "identifier_sym",
    "width": 1,
  },
  Object {
    "start": 541,
    "token": "assign_op",
    "width": 1,
  },
  Object {
    "content": "a",
    "start": 543,
    "token": "identifier_sym",
    "width": 1,
  },
  Object {
    "start": 545,
    "token": "plus_op",
    "width": 1,
  },
  Object {
    "content": "1",
    "start": 547,
    "token": "numeric_lit",
    "width": 1,
  },
  Object {
    "start": 548,
    "token": "semi_pnc",
    "width": 1,
  },
  Object {
    "start": 550,
    "token": "c_brace_pnc",
    "width": 1,
  },
  Object {
    "start": 553,
    "token": "let_kw",
    "width": 3,
  },
  Object {
    "start": 557,
    "token": "mut_kw",
    "width": 3,
  },
  Object {
    "content": "num2",
    "start": 561,
    "token": "identifier_sym",
    "width": 4,
  },
  Object {
    "start": 566,
    "token": "assign_op",
    "width": 1,
  },
  Object {
    "content": "num",
    "start": 568,
    "token": "identifier_sym",
    "width": 3,
  },
  Object {
    "start": 571,
    "token": "semi_pnc",
    "width": 1,
  },
  Object {
    "content": "inc",
    "start": 573,
    "token": "identifier_sym",
    "width": 3,
  },
  Object {
    "start": 576,
    "token": "o_paren_pnc",
    "width": 1,
  },
  Object {
    "content": "num2",
    "start": 577,
    "token": "identifier_sym",
    "width": 4,
  },
  Object {
    "start": 581,
    "token": "c_paren_pnc",
    "width": 1,
  },
  Object {
    "start": 582,
    "token": "semi_pnc",
    "width": 1,
  },
  Object {
    "start": 585,
    "token": "if_kw",
    "width": 2,
  },
  Object {
    "start": 588,
    "token": "o_paren_pnc",
    "width": 1,
  },
  Object {
    "content": "num2",
    "start": 589,
    "token": "identifier_sym",
    "width": 4,
  },
  Object {
    "start": 594,
    "token": "less_than_eql_op",
    "width": 2,
  },
  Object {
    "content": "5",
    "start": 597,
    "token": "numeric_lit",
    "width": 1,
  },
  Object {
    "start": 599,
    "token": "or_op",
    "width": 2,
  },
  Object {
    "start": 602,
    "token": "false_kw",
    "width": 5,
  },
  Object {
    "start": 607,
    "token": "c_paren_pnc",
    "width": 1,
  },
  Object {
    "start": 609,
    "token": "o_brace_pnc",
    "width": 1,
  },
  Object {
    "content": "print",
    "start": 612,
    "token": "identifier_sym",
    "width": 5,
  },
  Object {
    "start": 617,
    "token": "o_paren_pnc",
    "width": 1,
  },
  Object {
    "content": "\\"less than or eql to five\\"",
    "start": 618,
    "token": "string_lit",
    "width": 26,
  },
  Object {
    "start": 644,
    "token": "c_paren_pnc",
    "width": 1,
  },
  Object {
    "start": 645,
    "token": "semi_pnc",
    "width": 1,
  },
  Object {
    "start": 647,
    "token": "c_brace_pnc",
    "width": 1,
  },
  Object {
    "start": 649,
    "token": "elif_kw",
    "width": 4,
  },
  Object {
    "start": 654,
    "token": "o_paren_pnc",
    "width": 1,
  },
  Object {
    "content": "num2",
    "start": 655,
    "token": "identifier_sym",
    "width": 4,
  },
  Object {
    "start": 660,
    "token": "strict_cmp_op",
    "width": 3,
  },
  Object {
    "content": "7",
    "start": 664,
    "token": "numeric_lit",
    "width": 1,
  },
  Object {
    "start": 666,
    "token": "and_op",
    "width": 2,
  },
  Object {
    "start": 669,
    "token": "true_kw",
    "width": 4,
  },
  Object {
    "start": 673,
    "token": "c_paren_pnc",
    "width": 1,
  },
  Object {
    "start": 675,
    "token": "o_brace_pnc",
    "width": 1,
  },
  Object {
    "content": "print",
    "start": 678,
    "token": "identifier_sym",
    "width": 5,
  },
  Object {
    "start": 683,
    "token": "o_paren_pnc",
    "width": 1,
  },
  Object {
    "content": "\\"exactly 7\\"",
    "start": 684,
    "token": "string_lit",
    "width": 11,
  },
  Object {
    "start": 695,
    "token": "c_paren_pnc",
    "width": 1,
  },
  Object {
    "start": 696,
    "token": "semi_pnc",
    "width": 1,
  },
  Object {
    "start": 698,
    "token": "c_brace_pnc",
    "width": 1,
  },
  Object {
    "start": 700,
    "token": "else_kw",
    "width": 4,
  },
  Object {
    "start": 705,
    "token": "o_brace_pnc",
    "width": 1,
  },
  Object {
    "content": "print",
    "start": 708,
    "token": "identifier_sym",
    "width": 5,
  },
  Object {
    "start": 713,
    "token": "o_paren_pnc",
    "width": 1,
  },
  Object {
    "content": "\\"neither\\"",
    "start": 714,
    "token": "string_lit",
    "width": 9,
  },
  Object {
    "start": 723,
    "token": "c_paren_pnc",
    "width": 1,
  },
  Object {
    "start": 724,
    "token": "semi_pnc",
    "width": 1,
  },
  Object {
    "start": 726,
    "token": "c_brace_pnc",
    "width": 1,
  },
  Object {
    "content": "print",
    "start": 729,
    "token": "identifier_sym",
    "width": 5,
  },
  Object {
    "start": 734,
    "token": "o_paren_pnc",
    "width": 1,
  },
  Object {
    "content": "num2",
    "start": 735,
    "token": "identifier_sym",
    "width": 4,
  },
  Object {
    "start": 739,
    "token": "c_paren_pnc",
    "width": 1,
  },
  Object {
    "start": 740,
    "token": "semi_pnc",
    "width": 1,
  },
  Object {
    "start": 741,
    "token": "eof_sym",
    "width": 0,
  },
]
`;
